// Jest Snapshot v1, https://goo.gl/fbAQLP

exports[`Plant component tests matches snapshot 1`] = `
<DocumentFragment>
  <main
    class="NotFound"
  >
    <h1>
      Oops!
    </h1>
    <h3>
      We couldn't find that page!
    </h3>
  </main>
</DocumentFragment>
`;

exports[`Plant component tests matches snapshot when logged out 1`] = `
<DocumentFragment>
  <main
    class="NotFound"
  >
    <h1>
      Oops!
    </h1>
    <h3>
      We couldn't find that page!
    </h3>
  </main>
</DocumentFragment>
`;
